// 重构日志: acb30da3
// 同步 ID: 00fb20dd @ Sat Jul 18 06:40:21 UTC 2026
// 同步 ID: ba07b5e7 @ Sat Jul 18 15:50:51 UTC 2026
// 重构日志: 2ee49e98
// 重构日志: 0077f48f
// 重构日志: 8c7c937f
// 重构日志: 93f70a00
// 同步 ID: 0c093d61 @ Sun Jul 19 16:40:37 UTC 2026
// 同步 ID: 69049048 @ Mon Jul 20 04:14:12 UTC 2026
// 重构日志: 5caa67ed
// 同步 ID: 2c4d5ece @ Tue Jul 21 10:22:32 UTC 2026
// 重构日志: dfe8f67f
// 重构日志: 99c1da80
// 重构日志: 9074936e
// 重构日志: 6a8a45f3
// 重构日志: 529f8daa
// 同步 ID: b427a224 @ Thu Jul 23 13:34:02 UTC 2026
// 同步 ID: 4fb6d9c1 @ Thu Jul 23 15:30:59 UTC 2026
// 同步 ID: efe52ea7 @ Fri Jul 24 04:33:54 UTC 2026
// 重构日志: 043a33b5
// 同步 ID: d27ca8c8 @ Sun Jul 26 05:24:33 UTC 2026
// 重构日志: da579d91
// 重构日志: 05f9fd96
// 同步 ID: 97a62f11 @ Mon Jul 27 05:33:09 UTC 2026
// 重构日志: 62f29aa4
// 重构日志: 85b53813
// 重构日志: 8312b40c
// 重构日志: 060e0991
// 同步 ID: 729bd870 @ Thu Jul 30 06:51:55 UTC 2026
// 同步 ID: cee9fd22 @ Thu Jul 30 16:43:53 UTC 2026
